<?xml version="1.0" encoding="ISO-8859-1" ?>
<link_info>
   <banner>TI ARM Linker Unix v20.2.7.LTS</banner>
   <copyright>Copyright (c) 1996-2018 Texas Instruments Incorporated</copyright>
   <link_time>0x667a6c13</link_time>
   <link_errors>0x0</link_errors>
   <output_file>progetto-iot.out</output_file>
   <entry_point>
      <name>_c_int00_noargs</name>
      <address>0x4d01</address>
   </entry_point>
   <input_file_list>
      <input_file id="fl-2">
         <path>./</path>
         <kind>object</kind>
         <file>gpio.obj</file>
         <name>gpio.obj</name>
      </input_file>
      <input_file id="fl-3">
         <path>./</path>
         <kind>object</kind>
         <file>main.obj</file>
         <name>main.obj</name>
      </input_file>
      <input_file id="fl-4">
         <path>./</path>
         <kind>object</kind>
         <file>startup_msp432p401r_ccs.obj</file>
         <name>startup_msp432p401r_ccs.obj</name>
      </input_file>
      <input_file id="fl-5">
         <path>./</path>
         <kind>object</kind>
         <file>system_msp432p401r.obj</file>
         <name>system_msp432p401r.obj</name>
      </input_file>
      <input_file id="fl-6">
         <path>./</path>
         <kind>object</kind>
         <file>timer.obj</file>
         <name>timer.obj</name>
      </input_file>
      <input_file id="fl-7">
         <path>./Drivers/</path>
         <kind>object</kind>
         <file>Crystalfontz128x128_ST7735.obj</file>
         <name>Crystalfontz128x128_ST7735.obj</name>
      </input_file>
      <input_file id="fl-8">
         <path>./Drivers/</path>
         <kind>object</kind>
         <file>HAL_I2C.obj</file>
         <name>HAL_I2C.obj</name>
      </input_file>
      <input_file id="fl-9">
         <path>./Drivers/</path>
         <kind>object</kind>
         <file>HAL_MSP_EXP432P401R_Crystalfontz128x128_ST7735.obj</file>
         <name>HAL_MSP_EXP432P401R_Crystalfontz128x128_ST7735.obj</name>
      </input_file>
      <input_file id="fl-a">
         <path>./Drivers/</path>
         <kind>object</kind>
         <file>HAL_OPT3001.obj</file>
         <name>HAL_OPT3001.obj</name>
      </input_file>
      <input_file id="fl-b">
         <path>./Drivers/</path>
         <kind>object</kind>
         <file>HAL_TMP006.obj</file>
         <name>HAL_TMP006.obj</name>
      </input_file>
      <input_file id="fl-11">
         <kind>object</kind>
         <file>&lt;internal&gt;</file>
         <name>&lt;internal&gt;</name>
      </input_file>
      <input_file id="fl-c7">
         <path>/Applications/ti/ccs1250/ccs/tools/compiler/ti-cgt-arm_20.2.7.LTS/lib/</path>
         <kind>archive</kind>
         <file>rtsv7M4_T_le_v4SPD16_eabi.lib</file>
         <name>e_pow.c.obj</name>
      </input_file>
      <input_file id="fl-c8">
         <path>/Applications/ti/ccs1250/ccs/tools/compiler/ti-cgt-arm_20.2.7.LTS/lib/</path>
         <kind>archive</kind>
         <file>rtsv7M4_T_le_v4SPD16_eabi.lib</file>
         <name>e_sqrt.c.obj</name>
      </input_file>
      <input_file id="fl-c9">
         <path>/Applications/ti/ccs1250/ccs/tools/compiler/ti-cgt-arm_20.2.7.LTS/lib/</path>
         <kind>archive</kind>
         <file>rtsv7M4_T_le_v4SPD16_eabi.lib</file>
         <name>s_scalbn.c.obj</name>
      </input_file>
      <input_file id="fl-ca">
         <path>/Applications/ti/ccs1250/ccs/tools/compiler/ti-cgt-arm_20.2.7.LTS/lib/</path>
         <kind>archive</kind>
         <file>rtsv7M4_T_le_v4SPD16_eabi.lib</file>
         <name>sprintf.c.obj</name>
      </input_file>
      <input_file id="fl-cb">
         <path>/Applications/ti/ccs1250/ccs/tools/compiler/ti-cgt-arm_20.2.7.LTS/lib/</path>
         <kind>archive</kind>
         <file>rtsv7M4_T_le_v4SPD16_eabi.lib</file>
         <name>fd_add_t2.asm.obj</name>
      </input_file>
      <input_file id="fl-cc">
         <path>/Applications/ti/ccs1250/ccs/tools/compiler/ti-cgt-arm_20.2.7.LTS/lib/</path>
         <kind>archive</kind>
         <file>rtsv7M4_T_le_v4SPD16_eabi.lib</file>
         <name>fd_cmp_t2.asm.obj</name>
      </input_file>
      <input_file id="fl-cd">
         <path>/Applications/ti/ccs1250/ccs/tools/compiler/ti-cgt-arm_20.2.7.LTS/lib/</path>
         <kind>archive</kind>
         <file>rtsv7M4_T_le_v4SPD16_eabi.lib</file>
         <name>fd_div_t2.asm.obj</name>
      </input_file>
      <input_file id="fl-ce">
         <path>/Applications/ti/ccs1250/ccs/tools/compiler/ti-cgt-arm_20.2.7.LTS/lib/</path>
         <kind>archive</kind>
         <file>rtsv7M4_T_le_v4SPD16_eabi.lib</file>
         <name>fd_mul_t2.asm.obj</name>
      </input_file>
      <input_file id="fl-cf">
         <path>/Applications/ti/ccs1250/ccs/tools/compiler/ti-cgt-arm_20.2.7.LTS/lib/</path>
         <kind>archive</kind>
         <file>rtsv7M4_T_le_v4SPD16_eabi.lib</file>
         <name>fd_tos_t2.asm.obj</name>
      </input_file>
      <input_file id="fl-d0">
         <path>/Applications/ti/ccs1250/ccs/tools/compiler/ti-cgt-arm_20.2.7.LTS/lib/</path>
         <kind>archive</kind>
         <file>rtsv7M4_T_le_v4SPD16_eabi.lib</file>
         <name>fs_tod_t2.asm.obj</name>
      </input_file>
      <input_file id="fl-d1">
         <path>/Applications/ti/ccs1250/ccs/tools/compiler/ti-cgt-arm_20.2.7.LTS/lib/</path>
         <kind>archive</kind>
         <file>rtsv7M4_T_le_v4SPD16_eabi.lib</file>
         <name>i_tofd_t2.asm.obj</name>
      </input_file>
      <input_file id="fl-d2">
         <path>/Applications/ti/ccs1250/ccs/tools/compiler/ti-cgt-arm_20.2.7.LTS/lib/</path>
         <kind>archive</kind>
         <file>rtsv7M4_T_le_v4SPD16_eabi.lib</file>
         <name>memcpy_t2.asm.obj</name>
      </input_file>
      <input_file id="fl-d3">
         <path>/Applications/ti/ccs1250/ccs/tools/compiler/ti-cgt-arm_20.2.7.LTS/lib/</path>
         <kind>archive</kind>
         <file>rtsv7M4_T_le_v4SPD16_eabi.lib</file>
         <name>memset_t2.asm.obj</name>
      </input_file>
      <input_file id="fl-d4">
         <path>/Applications/ti/ccs1250/ccs/tools/compiler/ti-cgt-arm_20.2.7.LTS/lib/</path>
         <kind>archive</kind>
         <file>rtsv7M4_T_le_v4SPD16_eabi.lib</file>
         <name>copy_zero_init.c.obj</name>
      </input_file>
      <input_file id="fl-d5">
         <path>/Applications/ti/ccs1250/ccs/tools/compiler/ti-cgt-arm_20.2.7.LTS/lib/</path>
         <kind>archive</kind>
         <file>rtsv7M4_T_le_v4SPD16_eabi.lib</file>
         <name>copy_decompress_none.c.obj</name>
      </input_file>
      <input_file id="fl-d6">
         <path>/Applications/ti/ccs1250/ccs/tools/compiler/ti-cgt-arm_20.2.7.LTS/lib/</path>
         <kind>archive</kind>
         <file>rtsv7M4_T_le_v4SPD16_eabi.lib</file>
         <name>copy_decompress_lzss.c.obj</name>
      </input_file>
      <input_file id="fl-d7">
         <path>/Applications/ti/ccs1250/ccs/tools/compiler/ti-cgt-arm_20.2.7.LTS/lib/</path>
         <kind>archive</kind>
         <file>rtsv7M4_T_le_v4SPD16_eabi.lib</file>
         <name>strlen.c.obj</name>
      </input_file>
      <input_file id="fl-d8">
         <path>/Applications/ti/ccs1250/ccs/tools/compiler/ti-cgt-arm_20.2.7.LTS/lib/</path>
         <kind>archive</kind>
         <file>rtsv7M4_T_le_v4SPD16_eabi.lib</file>
         <name>boot_cortex_m.c.obj</name>
      </input_file>
      <input_file id="fl-d9">
         <path>/Applications/ti/ccs1250/ccs/tools/compiler/ti-cgt-arm_20.2.7.LTS/lib/</path>
         <kind>archive</kind>
         <file>rtsv7M4_T_le_v4SPD16_eabi.lib</file>
         <name>errno.c.obj</name>
      </input_file>
      <input_file id="fl-da">
         <path>/Applications/ti/ccs1250/ccs/tools/compiler/ti-cgt-arm_20.2.7.LTS/lib/</path>
         <kind>archive</kind>
         <file>rtsv7M4_T_le_v4SPD16_eabi.lib</file>
         <name>s_copysign.c.obj</name>
      </input_file>
      <input_file id="fl-db">
         <path>/Applications/ti/ccs1250/ccs/tools/compiler/ti-cgt-arm_20.2.7.LTS/lib/</path>
         <kind>archive</kind>
         <file>rtsv7M4_T_le_v4SPD16_eabi.lib</file>
         <name>_printfi.c.obj</name>
      </input_file>
      <input_file id="fl-dc">
         <path>/Applications/ti/ccs1250/ccs/tools/compiler/ti-cgt-arm_20.2.7.LTS/lib/</path>
         <kind>archive</kind>
         <file>rtsv7M4_T_le_v4SPD16_eabi.lib</file>
         <name>fd_toi_t2.asm.obj</name>
      </input_file>
      <input_file id="fl-dd">
         <path>/Applications/ti/ccs1250/ccs/tools/compiler/ti-cgt-arm_20.2.7.LTS/lib/</path>
         <kind>archive</kind>
         <file>rtsv7M4_T_le_v4SPD16_eabi.lib</file>
         <name>ull_div_t2.asm.obj</name>
      </input_file>
      <input_file id="fl-de">
         <path>/Applications/ti/ccs1250/ccs/tools/compiler/ti-cgt-arm_20.2.7.LTS/lib/</path>
         <kind>archive</kind>
         <file>rtsv7M4_T_le_v4SPD16_eabi.lib</file>
         <name>autoinit.c.obj</name>
      </input_file>
      <input_file id="fl-df">
         <path>/Applications/ti/ccs1250/ccs/tools/compiler/ti-cgt-arm_20.2.7.LTS/lib/</path>
         <kind>archive</kind>
         <file>rtsv7M4_T_le_v4SPD16_eabi.lib</file>
         <name>pre_init.c.obj</name>
      </input_file>
      <input_file id="fl-e0">
         <path>/Applications/ti/ccs1250/ccs/tools/compiler/ti-cgt-arm_20.2.7.LTS/lib/</path>
         <kind>archive</kind>
         <file>rtsv7M4_T_le_v4SPD16_eabi.lib</file>
         <name>cpy_tbl.c.obj</name>
      </input_file>
      <input_file id="fl-e1">
         <path>/Applications/ti/ccs1250/ccs/tools/compiler/ti-cgt-arm_20.2.7.LTS/lib/</path>
         <kind>archive</kind>
         <file>rtsv7M4_T_le_v4SPD16_eabi.lib</file>
         <name>exit.c.obj</name>
      </input_file>
      <input_file id="fl-e2">
         <path>/Applications/ti/ccs1250/ccs/tools/compiler/ti-cgt-arm_20.2.7.LTS/lib/</path>
         <kind>archive</kind>
         <file>rtsv7M4_T_le_v4SPD16_eabi.lib</file>
         <name>_lock.c.obj</name>
      </input_file>
      <input_file id="fl-e3">
         <path>/Applications/ti/ccs1250/ccs/tools/compiler/ti-cgt-arm_20.2.7.LTS/lib/</path>
         <kind>archive</kind>
         <file>rtsv7M4_T_le_v4SPD16_eabi.lib</file>
         <name>_ltoa.c.obj</name>
      </input_file>
      <input_file id="fl-e4">
         <path>/Applications/ti/ccs1250/ccs/tools/compiler/ti-cgt-arm_20.2.7.LTS/lib/</path>
         <kind>archive</kind>
         <file>rtsv7M4_T_le_v4SPD16_eabi.lib</file>
         <name>args_main.c.obj</name>
      </input_file>
      <input_file id="fl-e5">
         <path>/Applications/ti/ccs1250/ccs/tools/compiler/ti-cgt-arm_20.2.7.LTS/lib/</path>
         <kind>archive</kind>
         <file>rtsv7M4_T_le_v4SPD16_eabi.lib</file>
         <name>atoi.c.obj</name>
      </input_file>
      <input_file id="fl-e6">
         <path>/Applications/ti/ccs1250/ccs/tools/compiler/ti-cgt-arm_20.2.7.LTS/lib/</path>
         <kind>archive</kind>
         <file>rtsv7M4_T_le_v4SPD16_eabi.lib</file>
         <name>ctype.c.obj</name>
      </input_file>
      <input_file id="fl-e7">
         <path>/Applications/ti/ccs1250/ccs/tools/compiler/ti-cgt-arm_20.2.7.LTS/lib/</path>
         <kind>archive</kind>
         <file>rtsv7M4_T_le_v4SPD16_eabi.lib</file>
         <name>memccpy.c.obj</name>
      </input_file>
      <input_file id="fl-e8">
         <path>/Applications/ti/ccs1250/ccs/tools/compiler/ti-cgt-arm_20.2.7.LTS/lib/</path>
         <kind>archive</kind>
         <file>rtsv7M4_T_le_v4SPD16_eabi.lib</file>
         <name>strchr.c.obj</name>
      </input_file>
      <input_file id="fl-e9">
         <path>/Applications/ti/ccs1250/ccs/tools/compiler/ti-cgt-arm_20.2.7.LTS/lib/</path>
         <kind>archive</kind>
         <file>rtsv7M4_T_le_v4SPD16_eabi.lib</file>
         <name>wcslen.c.obj</name>
      </input_file>
      <input_file id="fl-ea">
         <path>/Applications/ti/ccs1250/ccs/tools/compiler/ti-cgt-arm_20.2.7.LTS/lib/</path>
         <kind>archive</kind>
         <file>rtsv7M4_T_le_v4SPD16_eabi.lib</file>
         <name>s_frexp.c.obj</name>
      </input_file>
      <input_file id="fl-eb">
         <path>/Applications/ti/ccs1250/ccs/tools/compiler/ti-cgt-arm_20.2.7.LTS/lib/</path>
         <kind>archive</kind>
         <file>rtsv7M4_T_le_v4SPD16_eabi.lib</file>
         <name>div0.asm.obj</name>
      </input_file>
      <input_file id="fl-ec">
         <path>/Users/nicolaconti/Documents/iot/simplelink_msp432p4_sdk_3_40_01_02/source/ti/devices/msp432p4xx/driverlib/ccs/</path>
         <kind>archive</kind>
         <file>msp432p4xx_driverlib.lib</file>
         <name>gpio.o</name>
      </input_file>
      <input_file id="fl-ed">
         <path>/Users/nicolaconti/Documents/iot/simplelink_msp432p4_sdk_3_40_01_02/source/ti/devices/msp432p4xx/driverlib/ccs/</path>
         <kind>archive</kind>
         <file>msp432p4xx_driverlib.lib</file>
         <name>i2c.o</name>
      </input_file>
      <input_file id="fl-ee">
         <path>/Users/nicolaconti/Documents/iot/simplelink_msp432p4_sdk_3_40_01_02/source/ti/devices/msp432p4xx/driverlib/ccs/</path>
         <kind>archive</kind>
         <file>msp432p4xx_driverlib.lib</file>
         <name>interrupt.o</name>
      </input_file>
      <input_file id="fl-ef">
         <path>/Users/nicolaconti/Documents/iot/simplelink_msp432p4_sdk_3_40_01_02/source/ti/devices/msp432p4xx/driverlib/ccs/</path>
         <kind>archive</kind>
         <file>msp432p4xx_driverlib.lib</file>
         <name>spi.o</name>
      </input_file>
      <input_file id="fl-f0">
         <path>/Users/nicolaconti/Documents/iot/simplelink_msp432p4_sdk_3_40_01_02/source/ti/devices/msp432p4xx/driverlib/ccs/</path>
         <kind>archive</kind>
         <file>msp432p4xx_driverlib.lib</file>
         <name>timer_a.o</name>
      </input_file>
      <input_file id="fl-f1">
         <path>/Users/nicolaconti/Documents/iot/simplelink_msp432p4_sdk_3_40_01_02/source/ti/devices/msp432p4xx/driverlib/ccs/</path>
         <kind>archive</kind>
         <file>msp432p4xx_driverlib.lib</file>
         <name>cpu.o</name>
      </input_file>
      <input_file id="fl-f2">
         <path>/Users/nicolaconti/Documents/iot/simplelink_msp432p4_sdk_3_40_01_02/source/ti/grlib/lib/ccs/m4/</path>
         <kind>archive</kind>
         <file>grlib.a</file>
         <name>context.obj</name>
      </input_file>
      <input_file id="fl-f3">
         <path>/Users/nicolaconti/Documents/iot/simplelink_msp432p4_sdk_3_40_01_02/source/ti/grlib/lib/ccs/m4/</path>
         <kind>archive</kind>
         <file>grlib.a</file>
         <name>display.obj</name>
      </input_file>
      <input_file id="fl-f4">
         <path>/Users/nicolaconti/Documents/iot/simplelink_msp432p4_sdk_3_40_01_02/source/ti/grlib/lib/ccs/m4/</path>
         <kind>archive</kind>
         <file>grlib.a</file>
         <name>fontfixed6x8.obj</name>
      </input_file>
      <input_file id="fl-f5">
         <path>/Users/nicolaconti/Documents/iot/simplelink_msp432p4_sdk_3_40_01_02/source/ti/grlib/lib/ccs/m4/</path>
         <kind>archive</kind>
         <file>grlib.a</file>
         <name>string.obj</name>
      </input_file>
      <input_file id="fl-f6">
         <path>/Users/nicolaconti/Documents/iot/simplelink_msp432p4_sdk_3_40_01_02/source/ti/grlib/lib/ccs/m4/</path>
         <kind>archive</kind>
         <file>grlib.a</file>
         <name>line.obj</name>
      </input_file>
   </input_file_list>
   <object_component_list>
      <object_component id="oc-26">
         <name>.intvecs:retain</name>
         <load_address>0x0</load_address>
         <run_address>0x0</run_address>
         <size>0xe4</size>
         <input_file_ref idref="fl-4"/>
      </object_component>
      <object_component id="oc-1b8">
         <name>.text:__TI_printfi</name>
         <load_address>0xe4</load_address>
         <run_address>0xe4</run_address>
         <size>0xa4e</size>
         <input_file_ref idref="fl-db"/>
      </object_component>
      <object_component id="oc-4bc">
         <name>.text</name>
         <load_address>0xb32</load_address>
         <run_address>0xb32</run_address>
         <size>0x2</size>
         <input_file_ref idref="fl-eb"/>
      </object_component>
      <object_component id="oc-26f">
         <name>.text:pow</name>
         <load_address>0xb34</load_address>
         <run_address>0xb34</run_address>
         <size>0x9d0</size>
         <input_file_ref idref="fl-c7"/>
      </object_component>
      <object_component id="oc-166">
         <name>.text</name>
         <load_address>0x1504</load_address>
         <run_address>0x1504</run_address>
         <size>0x680</size>
         <input_file_ref idref="fl-7"/>
      </object_component>
      <object_component id="oc-2d2">
         <name>.text:Graphics_drawString</name>
         <load_address>0x1b84</load_address>
         <run_address>0x1b84</run_address>
         <size>0x47e</size>
         <input_file_ref idref="fl-f5"/>
      </object_component>
      <object_component id="oc-13d">
         <name>.text</name>
         <load_address>0x2004</load_address>
         <run_address>0x2004</run_address>
         <size>0x3e4</size>
         <input_file_ref idref="fl-b"/>
      </object_component>
      <object_component id="oc-ab">
         <name>.text</name>
         <load_address>0x23e8</load_address>
         <run_address>0x23e8</run_address>
         <size>0x334</size>
         <input_file_ref idref="fl-5"/>
      </object_component>
      <object_component id="oc-99">
         <name>.text</name>
         <load_address>0x271c</load_address>
         <run_address>0x271c</run_address>
         <size>0x2f4</size>
         <input_file_ref idref="fl-3"/>
      </object_component>
      <object_component id="oc-314">
         <name>.text:_pconv_a</name>
         <load_address>0x2a10</load_address>
         <run_address>0x2a10</run_address>
         <size>0x270</size>
         <input_file_ref idref="fl-db"/>
      </object_component>
      <object_component id="oc-302">
         <name>.text:_pconv_g</name>
         <load_address>0x2c80</load_address>
         <run_address>0x2c80</run_address>
         <size>0x1d0</size>
         <input_file_ref idref="fl-db"/>
      </object_component>
      <object_component id="oc-e3">
         <name>.text</name>
         <load_address>0x2e50</load_address>
         <run_address>0x2e50</run_address>
         <size>0x1b6</size>
         <input_file_ref idref="fl-cb"/>
      </object_component>
      <object_component id="oc-6d">
         <name>.text</name>
         <load_address>0x3008</load_address>
         <run_address>0x3008</run_address>
         <size>0x19c</size>
         <input_file_ref idref="fl-6"/>
      </object_component>
      <object_component id="oc-b2">
         <name>.text</name>
         <load_address>0x31a4</load_address>
         <run_address>0x31a4</run_address>
         <size>0x160</size>
         <input_file_ref idref="fl-2"/>
      </object_component>
      <object_component id="oc-371">
         <name>.text:sqrt</name>
         <load_address>0x3304</load_address>
         <run_address>0x3304</run_address>
         <size>0x158</size>
         <input_file_ref idref="fl-c8"/>
      </object_component>
      <object_component id="oc-28e">
         <name>.text:privateTimer_AProcessClockSourceDivider</name>
         <load_address>0x345c</load_address>
         <run_address>0x345c</run_address>
         <size>0x144</size>
         <input_file_ref idref="fl-f0"/>
      </object_component>
      <object_component id="oc-143">
         <name>.text</name>
         <load_address>0x35a0</load_address>
         <run_address>0x35a0</run_address>
         <size>0x13c</size>
         <input_file_ref idref="fl-a"/>
      </object_component>
      <object_component id="oc-30e">
         <name>.text:_pconv_e</name>
         <load_address>0x36dc</load_address>
         <run_address>0x36dc</run_address>
         <size>0x13c</size>
         <input_file_ref idref="fl-db"/>
      </object_component>
      <object_component id="oc-275">
         <name>.text</name>
         <load_address>0x3818</load_address>
         <run_address>0x3818</run_address>
         <size>0x136</size>
         <input_file_ref idref="fl-cd"/>
      </object_component>
      <object_component id="oc-420">
         <name>.text:fcvt</name>
         <load_address>0x3950</load_address>
         <run_address>0x3950</run_address>
         <size>0x124</size>
         <input_file_ref idref="fl-db"/>
      </object_component>
      <object_component id="oc-137">
         <name>.text</name>
         <load_address>0x3a74</load_address>
         <run_address>0x3a74</run_address>
         <size>0x118</size>
         <input_file_ref idref="fl-8"/>
      </object_component>
      <object_component id="oc-37f">
         <name>.text:scalbn</name>
         <load_address>0x3b8c</load_address>
         <run_address>0x3b8c</run_address>
         <size>0x110</size>
         <input_file_ref idref="fl-c9"/>
      </object_component>
      <object_component id="oc-26a">
         <name>.text</name>
         <load_address>0x3c9c</load_address>
         <run_address>0x3c9c</run_address>
         <size>0xfc</size>
         <input_file_ref idref="fl-ce"/>
      </object_component>
      <object_component id="oc-2cc">
         <name>.text:Graphics_getStringWidth</name>
         <load_address>0x3d98</load_address>
         <run_address>0x3d98</run_address>
         <size>0xfa</size>
         <input_file_ref idref="fl-f5"/>
      </object_component>
      <object_component id="oc-299">
         <name>.text</name>
         <load_address>0x3e94</load_address>
         <run_address>0x3e94</run_address>
         <size>0xcc</size>
         <input_file_ref idref="fl-9"/>
      </object_component>
      <object_component id="oc-2fc">
         <name>.text:_ltostr</name>
         <load_address>0x3f60</load_address>
         <run_address>0x3f60</run_address>
         <size>0xb1</size>
         <input_file_ref idref="fl-db"/>
      </object_component>
      <object_component id="oc-3b7">
         <name>.text:SPI_initMaster</name>
         <load_address>0x4012</load_address>
         <run_address>0x4012</run_address>
         <size>0xb0</size>
         <input_file_ref idref="fl-ef"/>
      </object_component>
      <object_component id="oc-3ea">
         <name>.text:Graphics_drawLineH</name>
         <load_address>0x40c2</load_address>
         <run_address>0x40c2</run_address>
         <size>0x9c</size>
         <input_file_ref idref="fl-f6"/>
      </object_component>
      <object_component id="oc-37">
         <name>.text</name>
         <load_address>0x415e</load_address>
         <run_address>0x415e</run_address>
         <size>0x9c</size>
         <input_file_ref idref="fl-d2"/>
      </object_component>
      <object_component id="oc-402">
         <name>.text</name>
         <load_address>0x41fa</load_address>
         <run_address>0x41fa</run_address>
         <size>0x96</size>
         <input_file_ref idref="fl-dd"/>
      </object_component>
      <object_component id="oc-149">
         <name>.text:GPIO_setAsPeripheralModuleFunctionOutputPin</name>
         <load_address>0x4290</load_address>
         <run_address>0x4290</run_address>
         <size>0x88</size>
         <input_file_ref idref="fl-ec"/>
      </object_component>
      <object_component id="oc-e8">
         <name>.text:__aeabi_cdcmple</name>
         <load_address>0x4318</load_address>
         <run_address>0x4318</run_address>
         <size>0x86</size>
         <input_file_ref idref="fl-cc"/>
      </object_component>
      <object_component id="oc-37a">
         <name>.text:__aeabi_cdrcmple</name>
         <load_address>0x439e</load_address>
         <run_address>0x439e</run_address>
         <size>0x86</size>
         <input_file_ref idref="fl-cc"/>
      </object_component>
      <object_component id="oc-8d">
         <name>.text</name>
         <load_address>0x4424</load_address>
         <run_address>0x4424</run_address>
         <size>0x7a</size>
         <input_file_ref idref="fl-d3"/>
      </object_component>
      <object_component id="oc-419">
         <name>.text:_mcpy</name>
         <load_address>0x449e</load_address>
         <run_address>0x449e</run_address>
         <size>0x6e</size>
         <input_file_ref idref="fl-db"/>
      </object_component>
      <object_component id="oc-161">
         <name>.text</name>
         <load_address>0x450c</load_address>
         <run_address>0x450c</run_address>
         <size>0x6e</size>
         <input_file_ref idref="fl-cf"/>
      </object_component>
      <object_component id="oc-25a">
         <name>.text:I2C_masterSendMultiByteFinish</name>
         <load_address>0x457c</load_address>
         <run_address>0x457c</run_address>
         <size>0x6c</size>
         <input_file_ref idref="fl-ed"/>
      </object_component>
      <object_component id="oc-230">
         <name>.text:I2C_masterSendMultiByteStart</name>
         <load_address>0x45e8</load_address>
         <run_address>0x45e8</run_address>
         <size>0x68</size>
         <input_file_ref idref="fl-ed"/>
      </object_component>
      <object_component id="oc-14f">
         <name>.text:Timer_A_configureUpMode</name>
         <load_address>0x4650</load_address>
         <run_address>0x4650</run_address>
         <size>0x68</size>
         <input_file_ref idref="fl-f0"/>
      </object_component>
      <object_component id="oc-17">
         <name>.text:decompress:lzss:__TI_decompress_lzss</name>
         <load_address>0x46b8</load_address>
         <run_address>0x46b8</run_address>
         <size>0x68</size>
         <input_file_ref idref="fl-d6"/>
      </object_component>
      <object_component id="oc-42e">
         <name>.text:frexp</name>
         <load_address>0x4720</load_address>
         <run_address>0x4720</run_address>
         <size>0x64</size>
         <input_file_ref idref="fl-ea"/>
      </object_component>
      <object_component id="oc-20c">
         <name>.text:I2C_initMaster</name>
         <load_address>0x4784</load_address>
         <run_address>0x4784</run_address>
         <size>0x62</size>
         <input_file_ref idref="fl-ed"/>
      </object_component>
      <object_component id="oc-308">
         <name>.text:_pconv_f</name>
         <load_address>0x47e6</load_address>
         <run_address>0x47e6</run_address>
         <size>0x56</size>
         <input_file_ref idref="fl-db"/>
      </object_component>
      <object_component id="oc-40d">
         <name>.text:__TI_ltoa</name>
         <load_address>0x483c</load_address>
         <run_address>0x483c</run_address>
         <size>0x54</size>
         <input_file_ref idref="fl-e3"/>
      </object_component>
      <object_component id="oc-16c">
         <name>.text:Graphics_initContext</name>
         <load_address>0x4890</load_address>
         <run_address>0x4890</run_address>
         <size>0x52</size>
         <input_file_ref idref="fl-f2"/>
      </object_component>
      <object_component id="oc-413">
         <name>.text:_ecpy</name>
         <load_address>0x48e2</load_address>
         <run_address>0x48e2</run_address>
         <size>0x52</size>
         <input_file_ref idref="fl-db"/>
      </object_component>
      <object_component id="oc-15b">
         <name>.text:Timer_A_initCompare</name>
         <load_address>0x4934</load_address>
         <run_address>0x4934</run_address>
         <size>0x4e</size>
         <input_file_ref idref="fl-f0"/>
      </object_component>
      <object_component id="oc-2f6">
         <name>.text:atoi</name>
         <load_address>0x4984</load_address>
         <run_address>0x4984</run_address>
         <size>0x4c</size>
         <input_file_ref idref="fl-e5"/>
      </object_component>
      <object_component id="oc-190">
         <name>.text:Graphics_drawStringCentered</name>
         <load_address>0x49d0</load_address>
         <run_address>0x49d0</run_address>
         <size>0x48</size>
         <input_file_ref idref="fl-f5"/>
      </object_component>
      <object_component id="oc-408">
         <name>.text</name>
         <load_address>0x4a18</load_address>
         <run_address>0x4a18</run_address>
         <size>0x48</size>
         <input_file_ref idref="fl-dc"/>
      </object_component>
      <object_component id="oc-fc">
         <name>.text:__TI_auto_init_nobinit_nopinit:__TI_auto_init_nobinit_nopinit</name>
         <load_address>0x4a60</load_address>
         <run_address>0x4a60</run_address>
         <size>0x44</size>
         <input_file_ref idref="fl-de"/>
      </object_component>
      <object_component id="oc-3b1">
         <name>.text:GPIO_setAsOutputPin</name>
         <load_address>0x4aa4</load_address>
         <run_address>0x4aa4</run_address>
         <size>0x40</size>
         <input_file_ref idref="fl-ec"/>
      </object_component>
      <object_component id="oc-3e4">
         <name>.text:Graphics_getNumberOfLeadingZeros</name>
         <load_address>0x4ae4</load_address>
         <run_address>0x4ae4</run_address>
         <size>0x40</size>
         <input_file_ref idref="fl-f5"/>
      </object_component>
      <object_component id="oc-24e">
         <name>.text:I2C_masterReceiveMultiByteFinish</name>
         <load_address>0x4b24</load_address>
         <run_address>0x4b24</run_address>
         <size>0x40</size>
         <input_file_ref idref="fl-ed"/>
      </object_component>
      <object_component id="oc-493">
         <name>.text:is_A_Module</name>
         <load_address>0x4b64</load_address>
         <run_address>0x4b64</run_address>
         <size>0x40</size>
         <input_file_ref idref="fl-ef"/>
      </object_component>
      <object_component id="oc-d8">
         <name>.text:sprintf</name>
         <load_address>0x4ba4</load_address>
         <run_address>0x4ba4</run_address>
         <size>0x40</size>
         <input_file_ref idref="fl-ca"/>
      </object_component>
      <object_component id="oc-426">
         <name>.text:_fcpy</name>
         <load_address>0x4be4</load_address>
         <run_address>0x4be4</run_address>
         <size>0x3e</size>
         <input_file_ref idref="fl-db"/>
      </object_component>
      <object_component id="oc-23c">
         <name>.text:I2C_masterSendMultiByteStop</name>
         <load_address>0x4c24</load_address>
         <run_address>0x4c24</run_address>
         <size>0x38</size>
         <input_file_ref idref="fl-ed"/>
      </object_component>
      <object_component id="oc-d3">
         <name>.text</name>
         <load_address>0x4c5c</load_address>
         <run_address>0x4c5c</run_address>
         <size>0x38</size>
         <input_file_ref idref="fl-d0"/>
      </object_component>
      <object_component id="oc-4ae">
         <name>.text:Graphics_drawHorizontalLineOnDisplay</name>
         <load_address>0x4c94</load_address>
         <run_address>0x4c94</run_address>
         <size>0x36</size>
         <input_file_ref idref="fl-f3"/>
      </object_component>
      <object_component id="oc-254">
         <name>.text:I2C_masterSendMultiByteNext</name>
         <load_address>0x4ccc</load_address>
         <run_address>0x4ccc</run_address>
         <size>0x34</size>
         <input_file_ref idref="fl-ed"/>
      </object_component>
      <object_component id="oc-55">
         <name>.text:_c_int00_noargs:_c_int00_noargs</name>
         <load_address>0x4d00</load_address>
         <run_address>0x4d00</run_address>
         <size>0x34</size>
         <input_file_ref idref="fl-d8"/>
      </object_component>
      <object_component id="oc-de">
         <name>.text</name>
         <load_address>0x4d34</load_address>
         <run_address>0x4d34</run_address>
         <size>0x2e</size>
         <input_file_ref idref="fl-d1"/>
      </object_component>
      <object_component id="oc-3f0">
         <name>.text:Graphics_drawPixelOnDisplay</name>
         <load_address>0x4d62</load_address>
         <run_address>0x4d62</run_address>
         <size>0x2c</size>
         <input_file_ref idref="fl-f3"/>
      </object_component>
      <object_component id="oc-2a5">
         <name>.text:GPIO_setOutputHighOnPin</name>
         <load_address>0x4d90</load_address>
         <run_address>0x4d90</run_address>
         <size>0x28</size>
         <input_file_ref idref="fl-ec"/>
      </object_component>
      <object_component id="oc-29f">
         <name>.text:GPIO_setOutputLowOnPin</name>
         <load_address>0x4db8</load_address>
         <run_address>0x4db8</run_address>
         <size>0x28</size>
         <input_file_ref idref="fl-ec"/>
      </object_component>
      <object_component id="oc-21e">
         <name>.text:I2C_setMode</name>
         <load_address>0x4de0</load_address>
         <run_address>0x4de0</run_address>
         <size>0x1c</size>
         <input_file_ref idref="fl-ed"/>
      </object_component>
      <object_component id="oc-3bd">
         <name>.text:SPI_enableModule</name>
         <load_address>0x4dfc</load_address>
         <run_address>0x4dfc</run_address>
         <size>0x1c</size>
         <input_file_ref idref="fl-ef"/>
      </object_component>
      <object_component id="oc-43">
         <name>.text:decompress:ZI:__TI_zero_init_nomemset:__TI_zero_init_nomemset</name>
         <load_address>0x4e18</load_address>
         <run_address>0x4e18</run_address>
         <size>0x1c</size>
         <input_file_ref idref="fl-d4"/>
      </object_component>
      <object_component id="oc-31a">
         <name>.text:memccpy</name>
         <load_address>0x4e34</load_address>
         <run_address>0x4e34</run_address>
         <size>0x1c</size>
         <input_file_ref idref="fl-e7"/>
      </object_component>
      <object_component id="oc-2c3">
         <name>.text:Graphics_clearDisplayOnDisplay</name>
         <load_address>0x4e50</load_address>
         <run_address>0x4e50</run_address>
         <size>0x1a</size>
         <input_file_ref idref="fl-f3"/>
      </object_component>
      <object_component id="oc-178">
         <name>.text:Graphics_setBackgroundColor</name>
         <load_address>0x4e6a</load_address>
         <run_address>0x4e6a</run_address>
         <size>0x1a</size>
         <input_file_ref idref="fl-f2"/>
      </object_component>
      <object_component id="oc-17e">
         <name>.text:Graphics_setFont</name>
         <load_address>0x4e84</load_address>
         <run_address>0x4e84</run_address>
         <size>0x1a</size>
         <input_file_ref idref="fl-f2"/>
      </object_component>
      <object_component id="oc-242">
         <name>.text:I2C_masterReceiveStart</name>
         <load_address>0x4e9e</load_address>
         <run_address>0x4e9e</run_address>
         <size>0x1a</size>
         <input_file_ref idref="fl-ed"/>
      </object_component>
      <object_component id="oc-47c">
         <name>.text:copysign</name>
         <load_address>0x4eb8</load_address>
         <run_address>0x4eb8</run_address>
         <size>0x1a</size>
         <input_file_ref idref="fl-da"/>
      </object_component>
      <object_component id="oc-236">
         <name>.text:I2C_getInterruptStatus</name>
         <load_address>0x4ed2</load_address>
         <run_address>0x4ed2</run_address>
         <size>0x18</size>
         <input_file_ref idref="fl-ed"/>
      </object_component>
      <object_component id="oc-22a">
         <name>.text:I2C_isBusBusy</name>
         <load_address>0x4eec</load_address>
         <run_address>0x4eec</run_address>
         <size>0x18</size>
         <input_file_ref idref="fl-ed"/>
      </object_component>
      <object_component id="oc-1be">
         <name>.text:_outs</name>
         <load_address>0x4f04</load_address>
         <run_address>0x4f04</run_address>
         <size>0x18</size>
         <input_file_ref idref="fl-ca"/>
      </object_component>
      <object_component id="oc-49b">
         <name>.text:EUSCI_A_SPI_enable</name>
         <load_address>0x4f1c</load_address>
         <run_address>0x4f1c</run_address>
         <size>0x16</size>
         <input_file_ref idref="fl-ef"/>
      </object_component>
      <object_component id="oc-4a1">
         <name>.text:EUSCI_B_SPI_enable</name>
         <load_address>0x4f32</load_address>
         <run_address>0x4f32</run_address>
         <size>0x16</size>
         <input_file_ref idref="fl-ef"/>
      </object_component>
      <object_component id="oc-172">
         <name>.text:Graphics_setForegroundColor</name>
         <load_address>0x4f48</load_address>
         <run_address>0x4f48</run_address>
         <size>0x16</size>
         <input_file_ref idref="fl-f2"/>
      </object_component>
      <object_component id="oc-2ba">
         <name>.text:Graphics_translateColorOnDisplay</name>
         <load_address>0x4f5e</load_address>
         <run_address>0x4f5e</run_address>
         <size>0x16</size>
         <input_file_ref idref="fl-f3"/>
      </object_component>
      <object_component id="oc-224">
         <name>.text:I2C_clearInterruptFlag</name>
         <load_address>0x4f74</load_address>
         <run_address>0x4f74</run_address>
         <size>0x16</size>
         <input_file_ref idref="fl-ed"/>
      </object_component>
      <object_component id="oc-212">
         <name>.text:I2C_disableModule</name>
         <load_address>0x4f8a</load_address>
         <run_address>0x4f8a</run_address>
         <size>0x16</size>
         <input_file_ref idref="fl-ed"/>
      </object_component>
      <object_component id="oc-218">
         <name>.text:I2C_enableModule</name>
         <load_address>0x4fa0</load_address>
         <run_address>0x4fa0</run_address>
         <size>0x16</size>
         <input_file_ref idref="fl-ed"/>
      </object_component>
      <object_component id="oc-155">
         <name>.text:Timer_A_startCounter</name>
         <load_address>0x4fb6</load_address>
         <run_address>0x4fb6</run_address>
         <size>0x16</size>
         <input_file_ref idref="fl-f0"/>
      </object_component>
      <object_component id="oc-434">
         <name>.text:strchr</name>
         <load_address>0x4fcc</load_address>
         <run_address>0x4fcc</run_address>
         <size>0x16</size>
         <input_file_ref idref="fl-e8"/>
      </object_component>
      <object_component id="oc-248">
         <name>.text:I2C_masterReceiveMultiByteNext</name>
         <load_address>0x4fe2</load_address>
         <run_address>0x4fe2</run_address>
         <size>0x14</size>
         <input_file_ref idref="fl-ed"/>
      </object_component>
      <object_component id="oc-260">
         <name>.text:I2C_setSlaveAddress</name>
         <load_address>0x4ff6</load_address>
         <run_address>0x4ff6</run_address>
         <size>0x14</size>
         <input_file_ref idref="fl-ed"/>
      </object_component>
      <object_component id="oc-18a">
         <name>.text:strlen</name>
         <load_address>0x500a</load_address>
         <run_address>0x500a</run_address>
         <size>0x14</size>
         <input_file_ref idref="fl-d7"/>
      </object_component>
      <object_component id="oc-184">
         <name>.text:Graphics_clearDisplay</name>
         <load_address>0x501e</load_address>
         <run_address>0x501e</run_address>
         <size>0x12</size>
         <input_file_ref idref="fl-f2"/>
      </object_component>
      <object_component id="oc-320">
         <name>.text:wcslen</name>
         <load_address>0x5030</load_address>
         <run_address>0x5030</run_address>
         <size>0x12</size>
         <input_file_ref idref="fl-e9"/>
      </object_component>
      <object_component id="oc-1d">
         <name>.text:decompress:none:__TI_decompress_none</name>
         <load_address>0x5042</load_address>
         <run_address>0x5042</run_address>
         <size>0xe</size>
         <input_file_ref idref="fl-d5"/>
      </object_component>
      <object_component id="oc-67">
         <name>.text</name>
         <load_address>0x5050</load_address>
         <run_address>0x5050</run_address>
         <size>0xe</size>
         <input_file_ref idref="fl-4"/>
      </object_component>
      <object_component id="oc-1c4">
         <name>.text:_outc</name>
         <load_address>0x505e</load_address>
         <run_address>0x505e</run_address>
         <size>0xa</size>
         <input_file_ref idref="fl-ca"/>
      </object_component>
      <object_component id="oc-326">
         <name>.text:__aeabi_errno_addr</name>
         <load_address>0x5068</load_address>
         <run_address>0x5068</run_address>
         <size>0x8</size>
         <input_file_ref idref="fl-d9"/>
      </object_component>
      <object_component id="oc-93">
         <name>.text:_system_pre_init</name>
         <load_address>0x5070</load_address>
         <run_address>0x5070</run_address>
         <size>0x4</size>
         <input_file_ref idref="fl-df"/>
      </object_component>
      <object_component id="oc-f0">
         <name>.text:abort:abort</name>
         <load_address>0x5074</load_address>
         <run_address>0x5074</run_address>
         <size>0x4</size>
         <input_file_ref idref="fl-e1"/>
      </object_component>
      <object_component id="oc-2f0">
         <name>.const:.string:g_pucFontFixed6x8Data</name>
         <load_address>0x5078</load_address>
         <run_address>0x5078</run_address>
         <size>0x2f8</size>
         <input_file_ref idref="fl-f4"/>
      </object_component>
      <object_component id="oc-3fd">
         <name>.const:.string:_ctypes_</name>
         <load_address>0x5370</load_address>
         <run_address>0x5370</run_address>
         <size>0x101</size>
         <input_file_ref idref="fl-e6"/>
      </object_component>
      <object_component id="oc-1a7">
         <name>.const:g_sFontFixed6x8</name>
         <load_address>0x5474</load_address>
         <run_address>0x5474</run_address>
         <size>0xc8</size>
         <input_file_ref idref="fl-f4"/>
      </object_component>
      <object_component id="oc-377">
         <name>.const:$O1$$</name>
         <load_address>0x5540</load_address>
         <run_address>0x5540</run_address>
         <size>0x30</size>
         <input_file_ref idref="fl-c7"/>
      </object_component>
      <object_component id="oc-280">
         <name>.const:GPIO_PORT_TO_BASE</name>
         <load_address>0x5570</load_address>
         <run_address>0x5570</run_address>
         <size>0x30</size>
         <input_file_ref idref="fl-ec"/>
      </object_component>
      <object_component id="oc-1a4">
         <name>.const:g_sCrystalfontz128x128_funcs</name>
         <load_address>0x55a0</load_address>
         <run_address>0x55a0</run_address>
         <size>0x20</size>
         <input_file_ref idref="fl-7"/>
      </object_component>
      <object_component id="oc-3c3">
         <name>.const:$P$T0$1</name>
         <load_address>0x55c0</load_address>
         <run_address>0x55c0</run_address>
         <size>0x1c</size>
         <input_file_ref idref="fl-9"/>
      </object_component>
      <object_component id="oc-196">
         <name>.const:upConfig</name>
         <load_address>0x55dc</load_address>
         <run_address>0x55dc</run_address>
         <size>0x18</size>
         <input_file_ref idref="fl-2"/>
      </object_component>
      <object_component id="oc-266">
         <name>.const:i2cConfig</name>
         <load_address>0x55f4</load_address>
         <run_address>0x55f4</run_address>
         <size>0x14</size>
         <input_file_ref idref="fl-8"/>
      </object_component>
      <object_component id="oc-2b4">
         <name>.const:$P$T0$1</name>
         <load_address>0x5608</load_address>
         <run_address>0x5608</run_address>
         <size>0x8</size>
         <input_file_ref idref="fl-7"/>
      </object_component>
      <object_component id="oc-532">
         <name>.cinit..data.load</name>
         <load_address>0x5610</load_address>
         <run_address>0x5610</run_address>
         <size>0x1d</size>
      </object_component>
      <object_component id="oc-530">
         <name>__TI_handler_table</name>
         <load_address>0x5630</load_address>
         <run_address>0x5630</run_address>
         <size>0xc</size>
      </object_component>
      <object_component id="oc-533">
         <name>.cinit..bss.load</name>
         <load_address>0x5640</load_address>
         <run_address>0x5640</run_address>
         <size>0x8</size>
      </object_component>
      <object_component id="oc-531">
         <name>__TI_cinit_table</name>
         <load_address>0x5648</load_address>
         <run_address>0x5648</run_address>
         <size>0x10</size>
      </object_component>
      <object_component id="oc-504">
         <name>.binit</name>
         <load_address>0x0</load_address>
         <run_address>0x0</run_address>
         <size>0x0</size>
      </object_component>
      <object_component id="oc-199">
         <name>.data:compareConfig_PWM</name>
         <load_address>0x20000000</load_address>
         <run_address>0x20000000</run_address>
         <size>0x10</size>
         <input_file_ref idref="fl-2"/>
      </object_component>
      <object_component id="oc-12e">
         <name>.data</name>
         <load_address>0x2000003c</load_address>
         <run_address>0x2000003c</run_address>
         <size>0x4</size>
         <input_file_ref idref="fl-5"/>
      </object_component>
      <object_component id="oc-b8">
         <name>.data</name>
         <load_address>0x20000020</load_address>
         <run_address>0x20000020</run_address>
         <size>0x10</size>
         <input_file_ref idref="fl-6"/>
      </object_component>
      <object_component id="oc-1a1">
         <name>.data:g_sCrystalfontz128x128</name>
         <load_address>0x20000010</load_address>
         <run_address>0x20000010</run_address>
         <size>0x10</size>
         <input_file_ref idref="fl-7"/>
      </object_component>
      <object_component id="oc-27a">
         <name>.data</name>
         <load_address>0x20000030</load_address>
         <run_address>0x20000030</run_address>
         <size>0x8</size>
         <input_file_ref idref="fl-b"/>
      </object_component>
      <object_component id="oc-444">
         <name>.data</name>
         <load_address>0x20000038</load_address>
         <run_address>0x20000038</run_address>
         <size>0x4</size>
         <input_file_ref idref="fl-d9"/>
      </object_component>
      <object_component id="oc-19c">
         <name>.common:g_sContext</name>
         <uninitialized>true</uninitialized>
         <run_address>0x20000040</run_address>
         <size>0x1c</size>
      </object_component>
      <object_component id="oc-2b3">
         <name>.common:Lcd_Orientation</name>
         <uninitialized>true</uninitialized>
         <run_address>0x20000064</run_address>
         <size>0x1</size>
      </object_component>
      <object_component id="oc-2ab">
         <name>.common:Lcd_ScreenWidth</name>
         <uninitialized>true</uninitialized>
         <run_address>0x2000005e</run_address>
         <size>0x2</size>
      </object_component>
      <object_component id="oc-2ae">
         <name>.common:Lcd_ScreenHeigth</name>
         <uninitialized>true</uninitialized>
         <run_address>0x2000005c</run_address>
         <size>0x2</size>
      </object_component>
      <object_component id="oc-2af">
         <name>.common:Lcd_PenSolid</name>
         <uninitialized>true</uninitialized>
         <run_address>0x20000065</run_address>
         <size>0x1</size>
      </object_component>
      <object_component id="oc-2b0">
         <name>.common:Lcd_FontSolid</name>
         <uninitialized>true</uninitialized>
         <run_address>0x20000063</run_address>
         <size>0x1</size>
      </object_component>
      <object_component id="oc-2b1">
         <name>.common:Lcd_FlagRead</name>
         <uninitialized>true</uninitialized>
         <run_address>0x20000062</run_address>
         <size>0x1</size>
      </object_component>
      <object_component id="oc-2b2">
         <name>.common:Lcd_TouchTrim</name>
         <uninitialized>true</uninitialized>
         <run_address>0x20000060</run_address>
         <size>0x2</size>
      </object_component>
      <object_component id="oc-29">
         <name>.stack</name>
         <uninitialized>true</uninitialized>
         <run_address>0x2000fe00</run_address>
         <size>0x4</size>
         <input_file_ref idref="fl-d8"/>
      </object_component>
      <object_component id="oc-535">
         <name>.stack</name>
         <uninitialized>true</uninitialized>
         <run_address>0x2000fe00</run_address>
         <size>0x0</size>
      </object_component>
      <object_component id="oc-19d">
         <name>.debug_info</name>
         <load_address>0x0</load_address>
         <run_address>0x0</run_address>
         <size>0xc0e</size>
         <input_file_ref idref="fl-2"/>
      </object_component>
      <object_component id="oc-19a">
         <name>.debug_info</name>
         <load_address>0xc0e</load_address>
         <run_address>0xc0e</run_address>
         <size>0xe7</size>
         <input_file_ref idref="fl-2"/>
      </object_component>
      <object_component id="oc-197">
         <name>.debug_info</name>
         <load_address>0xcf5</load_address>
         <run_address>0xcf5</run_address>
         <size>0xd5</size>
         <input_file_ref idref="fl-2"/>
      </object_component>
      <object_component id="oc-b5">
         <name>.debug_info</name>
         <load_address>0xdca</load_address>
         <run_address>0xdca</run_address>
         <size>0x6ff</size>
         <input_file_ref idref="fl-2"/>
      </object_component>
      <object_component id="oc-be">
         <name>.debug_info</name>
         <load_address>0x14c9</load_address>
         <run_address>0x14c9</run_address>
         <size>0x26b</size>
         <input_file_ref idref="fl-2"/>
      </object_component>
      <object_component id="oc-1db">
         <name>.debug_info</name>
         <load_address>0x1734</load_address>
         <run_address>0x1734</run_address>
         <size>0x1055</size>
         <input_file_ref idref="fl-2"/>
      </object_component>
      <object_component id="oc-1d6">
         <name>.debug_info</name>
         <load_address>0x2789</load_address>
         <run_address>0x2789</run_address>
         <size>0x37e2</size>
         <input_file_ref idref="fl-2"/>
      </object_component>
      <object_component id="oc-472">
         <name>.debug_info</name>
         <load_address>0x5f6b</load_address>
         <run_address>0x5f6b</run_address>
         <size>0x9a</size>
         <input_file_ref idref="fl-2"/>
      </object_component>
      <object_component id="oc-1e0">
         <name>.debug_info</name>
         <load_address>0x6005</load_address>
         <run_address>0x6005</run_address>
         <size>0x439</size>
         <input_file_ref idref="fl-2"/>
      </object_component>
      <object_component id="oc-2de">
         <name>.debug_info</name>
         <load_address>0x643e</load_address>
         <run_address>0x643e</run_address>
         <size>0x341</size>
         <input_file_ref idref="fl-2"/>
      </object_component>
      <object_component id="oc-1ab">
         <name>.debug_info</name>
         <load_address>0x677f</load_address>
         <run_address>0x677f</run_address>
         <size>0x8b</size>
         <input_file_ref idref="fl-2"/>
      </object_component>
      <object_component id="oc-1b2">
         <name>.debug_info</name>
         <load_address>0x680a</load_address>
         <run_address>0x680a</run_address>
         <size>0x2a4</size>
         <input_file_ref idref="fl-2"/>
      </object_component>
      <object_component id="oc-2e5">
         <name>.debug_info</name>
         <load_address>0x6aae</load_address>
         <run_address>0x6aae</run_address>
         <size>0xef</size>
         <input_file_ref idref="fl-2"/>
      </object_component>
      <object_component id="oc-132">
         <name>.debug_info</name>
         <load_address>0x6b9d</load_address>
         <run_address>0x6b9d</run_address>
         <size>0xbb</size>
         <input_file_ref idref="fl-2"/>
      </object_component>
      <object_component id="oc-ca">
         <name>.debug_info</name>
         <load_address>0x6c58</load_address>
         <run_address>0x6c58</run_address>
         <size>0x2c</size>
         <input_file_ref idref="fl-2"/>
      </object_component>
      <object_component id="oc-1cc">
         <name>.debug_info</name>
         <load_address>0x6c84</load_address>
         <run_address>0x6c84</run_address>
         <size>0x2c</size>
         <input_file_ref idref="fl-2"/>
      </object_component>
      <object_component id="oc-3c7">
         <name>.debug_info</name>
         <load_address>0x6cb0</load_address>
         <run_address>0x6cb0</run_address>
         <size>0x131</size>
         <input_file_ref idref="fl-2"/>
      </object_component>
      <object_component id="oc-1e5">
         <name>.debug_info</name>
         <load_address>0x6de1</load_address>
         <run_address>0x6de1</run_address>
         <size>0x35</size>
         <input_file_ref idref="fl-2"/>
      </object_component>
      <object_component id="oc-ee">
         <name>.debug_info</name>
         <load_address>0x6e16</load_address>
         <run_address>0x6e16</run_address>
         <size>0x9f8</size>
         <input_file_ref idref="fl-3"/>
      </object_component>
      <object_component id="oc-9a">
         <name>.debug_info</name>
         <load_address>0x780e</load_address>
         <run_address>0x780e</run_address>
         <size>0x62e</size>
         <input_file_ref idref="fl-3"/>
      </object_component>
      <object_component id="oc-32">
         <name>.debug_info</name>
         <load_address>0x7e3c</load_address>
         <run_address>0x7e3c</run_address>
         <size>0x84</size>
         <input_file_ref idref="fl-3"/>
      </object_component>
      <object_component id="oc-75">
         <name>.debug_info</name>
         <load_address>0x7ec0</load_address>
         <run_address>0x7ec0</run_address>
         <size>0x2cc</size>
         <input_file_ref idref="fl-4"/>
      </object_component>
      <object_component id="oc-27">
         <name>.debug_info</name>
         <load_address>0x818c</load_address>
         <run_address>0x818c</run_address>
         <size>0xf8</size>
         <input_file_ref idref="fl-4"/>
      </object_component>
      <object_component id="oc-68">
         <name>.debug_info</name>
         <load_address>0x8284</load_address>
         <run_address>0x8284</run_address>
         <size>0x1bf</size>
         <input_file_ref idref="fl-4"/>
      </object_component>
      <object_component id="oc-12f">
         <name>.debug_info</name>
         <load_address>0x8443</load_address>
         <run_address>0x8443</run_address>
         <size>0xf1</size>
         <input_file_ref idref="fl-5"/>
      </object_component>
      <object_component id="oc-ac">
         <name>.debug_info</name>
         <load_address>0x8534</load_address>
         <run_address>0x8534</run_address>
         <size>0x263</size>
         <input_file_ref idref="fl-5"/>
      </object_component>
      <object_component id="oc-19f">
         <name>.debug_info</name>
         <load_address>0x8797</load_address>
         <run_address>0x8797</run_address>
         <size>0x70a</size>
         <input_file_ref idref="fl-6"/>
      </object_component>
      <object_component id="oc-b9">
         <name>.debug_info</name>
         <load_address>0x8ea1</load_address>
         <run_address>0x8ea1</run_address>
         <size>0x163</size>
         <input_file_ref idref="fl-6"/>
      </object_component>
      <object_component id="oc-70">
         <name>.debug_info</name>
         <load_address>0x9004</load_address>
         <run_address>0x9004</run_address>
         <size>0x47e</size>
         <input_file_ref idref="fl-6"/>
      </object_component>
      <object_component id="oc-2ac">
         <name>.debug_info</name>
         <load_address>0x9482</load_address>
         <run_address>0x9482</run_address>
         <size>0x92c</size>
         <input_file_ref idref="fl-7"/>
      </object_component>
      <object_component id="oc-1a2">
         <name>.debug_info</name>
         <load_address>0x9dae</load_address>
         <run_address>0x9dae</run_address>
         <size>0x110</size>
         <input_file_ref idref="fl-7"/>
      </object_component>
      <object_component id="oc-1a5">
         <name>.debug_info</name>
         <load_address>0x9ebe</load_address>
         <run_address>0x9ebe</run_address>
         <size>0x11c</size>
         <input_file_ref idref="fl-7"/>
      </object_component>
      <object_component id="oc-2b5">
         <name>.debug_info</name>
         <load_address>0x9fda</load_address>
         <run_address>0x9fda</run_address>
         <size>0xf1</size>
         <input_file_ref idref="fl-7"/>
      </object_component>
      <object_component id="oc-167">
         <name>.debug_info</name>
         <load_address>0xa0cb</load_address>
         <run_address>0xa0cb</run_address>
         <size>0x14f3</size>
         <input_file_ref idref="fl-7"/>
      </object_component>
      <object_component id="oc-3d0">
         <name>.debug_info</name>
         <load_address>0xb5be</load_address>
         <run_address>0xb5be</run_address>
         <size>0x37e2</size>
         <input_file_ref idref="fl-7"/>
      </object_component>
      <object_component id="oc-36f">
         <name>.debug_info</name>
         <load_address>0xeda0</load_address>
         <run_address>0xeda0</run_address>
         <size>0x9a9</size>
         <input_file_ref idref="fl-8"/>
      </object_component>
      <object_component id="oc-267">
         <name>.debug_info</name>
         <load_address>0xf749</load_address>
         <run_address>0xf749</run_address>
         <size>0xe2</size>
         <input_file_ref idref="fl-8"/>
      </object_component>
      <object_component id="oc-139">
         <name>.debug_info</name>
         <load_address>0xf82b</load_address>
         <run_address>0xf82b</run_address>
         <size>0x675</size>
         <input_file_ref idref="fl-8"/>
      </object_component>
      <object_component id="oc-4aa">
         <name>.debug_info</name>
         <load_address>0xfea0</load_address>
         <run_address>0xfea0</run_address>
         <size>0x872</size>
         <input_file_ref idref="fl-9"/>
      </object_component>
      <object_component id="oc-3c4">
         <name>.debug_info</name>
         <load_address>0x10712</load_address>
         <run_address>0x10712</run_address>
         <size>0x104</size>
         <input_file_ref idref="fl-9"/>
      </object_component>
      <object_component id="oc-29d">
         <name>.debug_info</name>
         <load_address>0x10816</load_address>
         <run_address>0x10816</run_address>
         <size>0x58e</size>
         <input_file_ref idref="fl-9"/>
      </object_component>
      <object_component id="oc-144">
         <name>.debug_info</name>
         <load_address>0x10da4</load_address>
         <run_address>0x10da4</run_address>
         <size>0x56f</size>
         <input_file_ref idref="fl-a"/>
      </object_component>
      <object_component id="oc-27e">
         <name>.debug_info</name>
         <load_address>0x11313</load_address>
         <run_address>0x11313</run_address>
         <size>0x5f2</size>
         <input_file_ref idref="fl-b"/>
      </object_component>
      <object_component id="oc-27b">
         <name>.debug_info</name>
         <load_address>0x11905</load_address>
         <run_address>0x11905</run_address>
         <size>0xd6</size>
         <input_file_ref idref="fl-b"/>
      </object_component>
      <object_component id="oc-13f">
         <name>.debug_info</name>
         <load_address>0x119db</load_address>
         <run_address>0x119db</run_address>
         <size>0x7e5</size>
         <input_file_ref idref="fl-b"/>
      </object_component>
      <object_component id="oc-38b">
         <name>.debug_info</name>
         <load_address>0x121c0</load_address>
         <run_address>0x121c0</run_address>
         <size>0x35e</size>
         <input_file_ref idref="fl-c7"/>
      </object_component>
      <object_component id="oc-378">
         <name>.debug_info</name>
         <load_address>0x1251e</load_address>
         <run_address>0x1251e</run_address>
         <size>0x128</size>
         <input_file_ref idref="fl-c7"/>
      </object_component>
      <object_component id="oc-273">
         <name>.debug_info</name>
         <load_address>0x12646</load_address>
         <run_address>0x12646</run_address>
         <size>0xbf2</size>
         <input_file_ref idref="fl-c7"/>
      </object_component>
      <object_component id="oc-489">
         <name>.debug_info</name>
         <load_address>0x13238</load_address>
         <run_address>0x13238</run_address>
         <size>0x46</size>
         <input_file_ref idref="fl-c7"/>
      </object_component>
      <object_component id="oc-386">
         <name>.debug_info</name>
         <load_address>0x1327e</load_address>
         <run_address>0x1327e</run_address>
         <size>0x39</size>
         <input_file_ref idref="fl-c7"/>
      </object_component>
      <object_component id="oc-478">
         <name>.debug_info</name>
         <load_address>0x132b7</load_address>
         <run_address>0x132b7</run_address>
         <size>0x2c5</size>
         <input_file_ref idref="fl-c8"/>
      </object_component>
      <object_component id="oc-372">
         <name>.debug_info</name>
         <load_address>0x1357c</load_address>
         <run_address>0x1357c</run_address>
         <size>0x24e</size>
         <input_file_ref idref="fl-c8"/>
      </object_component>
      <object_component id="oc-483">
         <name>.debug_info</name>
         <load_address>0x137ca</load_address>
         <run_address>0x137ca</run_address>
         <size>0x2f8</size>
         <input_file_ref idref="fl-c9"/>
      </object_component>
      <object_component id="oc-383">
         <name>.debug_info</name>
         <load_address>0x13ac2</load_address>
         <run_address>0x13ac2</run_address>
         <size>0x225</size>
         <input_file_ref idref="fl-c9"/>
      </object_component>
      <object_component id="oc-4e4">
         <name>.debug_info</name>
         <load_address>0x13ce7</load_address>
         <run_address>0x13ce7</run_address>
         <size>0x39</size>
         <input_file_ref idref="fl-c9"/>
      </object_component>
      <object_component id="oc-484">
         <name>.debug_info</name>
         <load_address>0x13d20</load_address>
         <run_address>0x13d20</run_address>
         <size>0x2c</size>
         <input_file_ref idref="fl-c9"/>
      </object_component>
      <object_component id="oc-1cb">
         <name>.debug_info</name>
         <load_address>0x13d4c</load_address>
         <run_address>0x13d4c</run_address>
         <size>0x333</size>
         <input_file_ref idref="fl-ca"/>
      </object_component>
      <object_component id="oc-d9">
         <name>.debug_info</name>
         <load_address>0x1407f</load_address>
         <run_address>0x1407f</run_address>
         <size>0x1d1</size>
         <input_file_ref idref="fl-ca"/>
      </object_component>
      <object_component id="oc-1c1">
         <name>.debug_info</name>
         <load_address>0x14250</load_address>
         <run_address>0x14250</run_address>
         <size>0x18d</size>
         <input_file_ref idref="fl-ca"/>
      </object_component>
      <object_component id="oc-1c6">
         <name>.debug_info</name>
         <load_address>0x143dd</load_address>
         <run_address>0x143dd</run_address>
         <size>0x16d</size>
         <input_file_ref idref="fl-ca"/>
      </object_component>
      <object_component id="oc-44b">
         <name>.debug_info</name>
         <load_address>0x1454a</load_address>
         <run_address>0x1454a</run_address>
         <size>0x2c</size>
         <input_file_ref idref="fl-ca"/>
      </object_component>
      <object_component id="oc-e6">
         <name>.debug_info</name>
         <load_address>0x14576</load_address>
         <run_address>0x14576</run_address>
         <size>0x14c</size>
         <input_file_ref idref="fl-cb"/>
      </object_component>
      <object_component id="oc-eb">
         <name>.debug_info</name>
         <load_address>0x146c2</load_address>
         <run_address>0x146c2</run_address>
         <size>0x128</size>
         <input_file_ref idref="fl-cc"/>
      </object_component>
      <object_component id="oc-37c">
         <name>.debug_info</name>
         <load_address>0x147ea</load_address>
         <run_address>0x147ea</run_address>
         <size>0x12a</size>
         <input_file_ref idref="fl-cc"/>
      </object_component>
      <object_component id="oc-277">
         <name>.debug_info</name>
         <load_address>0x14914</load_address>
         <run_address>0x14914</run_address>
         <size>0x13a</size>
         <input_file_ref idref="fl-cd"/>
      </object_component>
      <object_component id="oc-26c">
         <name>.debug_info</name>
         <load_address>0x14a4e</load_address>
         <run_address>0x14a4e</run_address>
         <size>0x13a</size>
         <input_file_ref idref="fl-ce"/>
      </object_component>
      <object_component id="oc-164">
         <name>.debug_info</name>
         <load_address>0x14b88</load_address>
         <run_address>0x14b88</run_address>
         <size>0x13e</size>
         <input_file_ref idref="fl-cf"/>
      </object_component>
      <object_component id="oc-d5">
         <name>.debug_info</name>
         <load_address>0x14cc6</load_address>
         <run_address>0x14cc6</run_address>
         <size>0x12c</size>
         <input_file_ref idref="fl-d0"/>
      </object_component>
      <object_component id="oc-df">
         <name>.debug_info</name>
         <load_address>0x14df2</load_address>
         <run_address>0x14df2</run_address>
         <size>0x12c</size>
         <input_file_ref idref="fl-d1"/>
      </object_component>
      <object_component id="oc-38">
         <name>.debug_info</name>
         <load_address>0x14f1e</load_address>
         <run_address>0x14f1e</run_address>
         <size>0x119</size>
         <input_file_ref idref="fl-d2"/>
      </object_component>
      <object_component id="oc-8f">
         <name>.debug_info</name>
         <load_address>0x15037</load_address>
         <run_address>0x15037</run_address>
         <size>0x147</size>
         <input_file_ref idref="fl-d3"/>
      </object_component>
      <object_component id="oc-8c">
         <name>.debug_info</name>
         <load_address>0x1517e</load_address>
         <run_address>0x1517e</run_address>
         <size>0x2d4</size>
         <input_file_ref idref="fl-d4"/>
      </object_component>
      <object_component id="oc-47">
         <name>.debug_info</name>
         <load_address>0x15452</load_address>
         <run_address>0x15452</run_address>
         <size>0x1d2</size>
         <input_file_ref idref="fl-d4"/>
      </object_component>
      <object_component id="oc-87">
         <name>.debug_info</name>
         <load_address>0x15624</load_address>
         <run_address>0x15624</run_address>
         <size>0x46</size>
         <input_file_ref idref="fl-d4"/>
      </object_component>
      <object_component id="oc-42">
         <name>.debug_info</name>
         <load_address>0x1566a</load_address>
         <run_address>0x1566a</run_address>
         <size>0x2a8</size>
         <input_file_ref idref="fl-d5"/>
      </object_component>
      <object_component id="oc-1f">
         <name>.debug_info</name>
         <load_address>0x15912</load_address>
         <run_address>0x15912</run_address>
         <size>0x1ea</size>
         <input_file_ref idref="fl-d5"/>
      </object_component>
      <object_component id="oc-3d">
         <name>.debug_info</name>
         <load_address>0x15afc</load_address>
         <run_address>0x15afc</run_address>
         <size>0x46</size>
         <input_file_ref idref="fl-d5"/>
      </object_component>
      <object_component id="oc-7f">
         <name>.debug_info</name>
         <load_address>0x15b42</load_address>
         <run_address>0x15b42</run_address>
         <size>0x2c</size>
         <input_file_ref idref="fl-d5"/>
      </object_component>
      <object_component id="oc-7d">
         <name>.debug_info</name>
         <load_address>0x15b6e</load_address>
         <run_address>0x15b6e</run_address>
         <size>0x29e</size>
         <input_file_ref idref="fl-d6"/>
      </object_component>
      <object_component id="oc-1b">
         <name>.debug_info</name>
         <load_address>0x15e0c</load_address>
         <run_address>0x15e0c</run_address>
         <size>0x250</size>
         <input_file_ref idref="fl-d6"/>
      </object_component>
      <object_component id="oc-2d">
         <name>.debug_info</name>
         <load_address>0x1605c</load_address>
         <run_address>0x1605c</run_address>
         <size>0x60</size>
         <input_file_ref idref="fl-d6"/>
      </object_component>
      <object_component id="oc-c3">
         <name>.debug_info</name>
         <load_address>0x160bc</load_address>
         <run_address>0x160bc</run_address>
         <size>0x46</size>
         <input_file_ref idref="fl-d6"/>
      </object_component>
      <object_component id="oc-78">
         <name>.debug_info</name>
         <load_address>0x16102</load_address>
         <run_address>0x16102</run_address>
         <size>0x39</size>
         <input_file_ref idref="fl-d6"/>
      </object_component>
      <object_component id="oc-2cb">
         <name>.debug_info</name>
         <load_address>0x1613b</load_address>
         <run_address>0x1613b</run_address>
         <size>0x28f</size>
         <input_file_ref idref="fl-d7"/>
      </object_component>
      <object_component id="oc-18e">
         <name>.debug_info</name>
         <load_address>0x163ca</load_address>
         <run_address>0x163ca</run_address>
         <size>0x245</size>
         <input_file_ref idref="fl-d7"/>
      </object_component>
      <object_component id="oc-2a">
         <name>.debug_info</name>
         <load_address>0x1660f</load_address>
         <run_address>0x1660f</run_address>
         <size>0x10b</size>
         <input_file_ref idref="fl-d8"/>
      </object_component>
      <object_component id="oc-59">
         <name>.debug_info</name>
         <load_address>0x1671a</load_address>
         <run_address>0x1671a</run_address>
         <size>0x1a9</size>
         <input_file_ref idref="fl-d8"/>
      </object_component>
      <object_component id="oc-448">
         <name>.debug_info</name>
         <load_address>0x168c3</load_address>
         <run_address>0x168c3</run_address>
         <size>0x289</size>
         <input_file_ref idref="fl-d9"/>
      </object_component>
      <object_component id="oc-445">
         <name>.debug_info</name>
         <load_address>0x16b4c</load_address>
         <run_address>0x16b4c</run_address>
         <size>0x10e</size>
         <input_file_ref idref="fl-d9"/>
      </object_component>
      <object_component id="oc-329">
         <name>.debug_info</name>
         <load_address>0x16c5a</load_address>
         <run_address>0x16c5a</run_address>
         <size>0x14e</size>
         <input_file_ref idref="fl-d9"/>
      </object_component>
      <object_component id="oc-47f">
         <name>.debug_info</name>
         <load_address>0x16da8</load_address>
         <run_address>0x16da8</run_address>
         <size>0x161</size>
         <input_file_ref idref="fl-da"/>
      </object_component>
      <object_component id="oc-32d">
         <name>.debug_info</name>
         <load_address>0x16f09</load_address>
         <run_address>0x16f09</run_address>
         <size>0x590</size>
         <input_file_ref idref="fl-db"/>
      </object_component>
      <object_component id="oc-2ff">
         <name>.debug_info</name>
         <load_address>0x17499</load_address>
         <run_address>0x17499</run_address>
         <size>0x21e</size>
         <input_file_ref idref="fl-db"/>
      </object_component>
      <object_component id="oc-416">
         <name>.debug_info</name>
         <load_address>0x176b7</load_address>
         <run_address>0x176b7</run_address>
         <size>0x1b3</size>
         <input_file_ref idref="fl-db"/>
      </object_component>
      <object_component id="oc-41b">
         <name>.debug_info</name>
         <load_address>0x1786a</load_address>
         <run_address>0x1786a</run_address>
         <size>0x21b</size>
         <input_file_ref idref="fl-db"/>
      </object_component>
      <object_component id="oc-303">
         <name>.debug_info</name>
         <load_address>0x17a85</load_address>
         <run_address>0x17a85</run_address>
         <size>0x3c0</size>
         <input_file_ref idref="fl-db"/>
      </object_component>
      <object_component id="oc-421">
         <name>.debug_info</name>
         <load_address>0x17e45</load_address>
         <run_address>0x17e45</run_address>
         <size>0x30a</size>
         <input_file_ref idref="fl-db"/>
      </object_component>
      <object_component id="oc-428">
         <name>.debug_info</name>
         <load_address>0x1814f</load_address>
         <run_address>0x1814f</run_address>
         <size>0x215</size>
         <input_file_ref idref="fl-db"/>
      </object_component>
      <object_component id="oc-30a">
         <name>.debug_info</name>
         <load_address>0x18364</load_address>
         <run_address>0x18364</run_address>
         <size>0x215</size>
         <input_file_ref idref="fl-db"/>
      </object_component>
      <object_component id="oc-30f">
         <name>.debug_info</name>
         <load_address>0x18579</load_address>
         <run_address>0x18579</run_address>
         <size>0x304</size>
         <input_file_ref idref="fl-db"/>
      </object_component>
      <object_component id="oc-316">
         <name>.debug_info</name>
         <load_address>0x1887d</load_address>
         <run_address>0x1887d</run_address>
         <size>0x4b5</size>
         <input_file_ref idref="fl-db"/>
      </object_component>
      <object_component id="oc-1ba">
         <name>.debug_info</name>
         <load_address>0x18d32</load_address>
         <run_address>0x18d32</run_address>
         <size>0x5f4</size>
         <input_file_ref idref="fl-db"/>
      </object_component>
      <object_component id="oc-32e">
         <name>.debug_info</name>
         <load_address>0x19326</load_address>
         <run_address>0x19326</run_address>
         <size>0x86</size>
         <input_file_ref idref="fl-db"/>
      </object_component>
      <object_component id="oc-450">
         <name>.debug_info</name>
         <load_address>0x193ac</load_address>
         <run_address>0x193ac</run_address>
         <size>0x39</size>
         <input_file_ref idref="fl-db"/>
      </object_component>
      <object_component id="oc-4da">
         <name>.debug_info</name>
         <load_address>0x193e5</load_address>
         <run_address>0x193e5</run_address>
         <size>0xb6</size>
         <input_file_ref idref="fl-db"/>
      </object_component>
      <object_component id="oc-455">
         <name>.debug_info</name>
         <load_address>0x1949b</load_address>
         <run_address>0x1949b</run_address>
         <size>0x46</size>
         <input_file_ref idref="fl-db"/>
      </object_component>
      <object_component id="oc-333">
         <name>.debug_info</name>
         <load_address>0x194e1</load_address>
         <run_address>0x194e1</run_address>
         <size>0x46</size>
         <input_file_ref idref="fl-db"/>
      </object_component>
      <object_component id="oc-40a">
         <name>.debug_info</name>
         <load_address>0x19527</load_address>
         <run_address>0x19527</run_address>
         <size>0x12e</size>
         <input_file_ref idref="fl-dc"/>
      </object_component>
      <object_component id="oc-405">
         <name>.debug_info</name>
         <load_address>0x19655</load_address>
         <run_address>0x19655</run_address>
         <size>0x134</size>
         <input_file_ref idref="fl-dd"/>
      </object_component>
      <object_component id="oc-1f5">
         <name>.debug_info</name>
         <load_address>0x19789</load_address>
         <run_address>0x19789</run_address>
         <size>0x4b3</size>
         <input_file_ref idref="fl-de"/>
      </object_component>
      <object_component id="oc-100">
         <name>.debug_info</name>
         <load_address>0x19c3c</load_address>
         <run_address>0x19c3c</run_address>
         <size>0x1a6</size>
         <input_file_ref idref="fl-de"/>
      </object_component>
      <object_component id="oc-34c">
         <name>.debug_info</name>
         <load_address>0x19de2</load_address>
         <run_address>0x19de2</run_address>
         <size>0x39</size>
         <input_file_ref idref="fl-de"/>
      </object_component>
      <object_component id="oc-45d">
         <name>.debug_info</name>
         <load_address>0x19e1b</load_address>
         <run_address>0x19e1b</run_address>
         <size>0x39</size>
         <input_file_ref idref="fl-de"/>
      </object_component>
      <object_component id="oc-351">
         <name>.debug_info</name>
         <load_address>0x19e54</load_address>
         <run_address>0x19e54</run_address>
         <size>0x39</size>
         <input_file_ref idref="fl-de"/>
      </object_component>
      <object_component id="oc-356">
         <name>.debug_info</name>
         <load_address>0x19e8d</load_address>
         <run_address>0x19e8d</run_address>
         <size>0xcd</size>
         <input_file_ref idref="fl-de"/>
      </object_component>
      <object_component id="oc-97">
         <name>.debug_info</name>
         <load_address>0x19f5a</load_address>
         <run_address>0x19f5a</run_address>
         <size>0x153</size>
         <input_file_ref idref="fl-df"/>
      </object_component>
      <object_component id="oc-f3">
         <name>.debug_info</name>
         <load_address>0x1a0ad</load_address>
         <run_address>0x1a0ad</run_address>
         <size>0x122</size>
         <input_file_ref idref="fl-e1"/>
      </object_component>
      <object_component id="oc-4c4">
         <name>.debug_info</name>
         <load_address>0x1a1cf</load_address>
         <run_address>0x1a1cf</run_address>
         <size>0x29c</size>
         <input_file_ref idref="fl-e3"/>
      </object_component>
      <object_component id="oc-40e">
         <name>.debug_info</name>
         <load_address>0x1a46b</load_address>
         <run_address>0x1a46b</run_address>
         <size>0x1da</size>
         <input_file_ref idref="fl-e3"/>
      </object_component>
      <object_component id="oc-401">
         <name>.debug_info</name>
         <load_address>0x1a645</load_address>
         <run_address>0x1a645</run_address>
         <size>0x2b9</size>
         <input_file_ref idref="fl-e5"/>
      </object_component>
      <object_component id="oc-2f7">
         <name>.debug_info</name>
         <load_address>0x1a8fe</load_address>
         <run_address>0x1a8fe</run_address>
         <size>0x17c</size>
         <input_file_ref idref="fl-e5"/>
      </object_component>
      <object_component id="oc-4b9">
         <name>.debug_info</name>
         <load_address>0x1aa7a</load_address>
         <run_address>0x1aa7a</run_address>
         <size>0xf9</size>
         <input_file_ref idref="fl-e6"/>
      </object_component>
      <object_component id="oc-3fe">
         <name>.debug_info</name>
         <load_address>0x1ab73</load_address>
         <run_address>0x1ab73</run_address>
         <size>0x105</size>
         <input_file_ref idref="fl-e6"/>
      </object_component>
      <object_component id="oc-43c">
         <name>.debug_info</name>
         <load_address>0x1ac78</load_address>
         <run_address>0x1ac78</run_address>
[...]
      </symbol>
      <symbol id="sm-3e3">
         <name>__aeabi_cdcmpeq</name>
         <value>0x4319</value>
         <object_component_ref idref="oc-e8"/>
      </symbol>
      <symbol id="sm-3e4">
         <name>__aeabi_cdcmple</name>
         <value>0x4319</value>
         <object_component_ref idref="oc-e8"/>
      </symbol>
      <symbol id="sm-3e5">
         <name>__aeabi_cdrcmple</name>
         <value>0x439f</value>
         <object_component_ref idref="oc-37a"/>
      </symbol>
      <symbol id="sm-3f9">
         <name>__aeabi_ddiv</name>
         <value>0x3819</value>
         <object_component_ref idref="oc-275"/>
      </symbol>
      <symbol id="sm-404">
         <name>__aeabi_dmul</name>
         <value>0x3c9d</value>
         <object_component_ref idref="oc-26a"/>
      </symbol>
      <symbol id="sm-410">
         <name>__aeabi_d2f</name>
         <value>0x450d</value>
         <object_component_ref idref="oc-161"/>
      </symbol>
      <symbol id="sm-41b">
         <name>__aeabi_f2d</name>
         <value>0x4c5d</value>
         <object_component_ref idref="oc-d3"/>
      </symbol>
      <symbol id="sm-425">
         <name>__aeabi_i2d</name>
         <value>0x4d35</value>
         <object_component_ref idref="oc-de"/>
      </symbol>
      <symbol id="sm-440">
         <name>memcpy</name>
         <value>0x415f</value>
         <object_component_ref idref="oc-37"/>
      </symbol>
      <symbol id="sm-441">
         <name>__aeabi_memcpy</name>
         <value>0x415f</value>
         <object_component_ref idref="oc-37"/>
      </symbol>
      <symbol id="sm-442">
         <name>__aeabi_memcpy8</name>
         <value>0x415f</value>
         <object_component_ref idref="oc-37"/>
      </symbol>
      <symbol id="sm-443">
         <name>__aeabi_memcpy4</name>
         <value>0x415f</value>
         <object_component_ref idref="oc-37"/>
      </symbol>
      <symbol id="sm-452">
         <name>__aeabi_memset</name>
         <value>0x4427</value>
         <object_component_ref idref="oc-8d"/>
      </symbol>
      <symbol id="sm-453">
         <name>memset</name>
         <value>0x442d</value>
         <object_component_ref idref="oc-8d"/>
      </symbol>
      <symbol id="sm-454">
         <name>__aeabi_memset8</name>
         <value>0x4427</value>
         <object_component_ref idref="oc-8d"/>
      </symbol>
      <symbol id="sm-455">
         <name>__aeabi_memset4</name>
         <value>0x4427</value>
         <object_component_ref idref="oc-8d"/>
      </symbol>
      <symbol id="sm-456">
         <name>__aeabi_memclr8</name>
         <value>0x4425</value>
         <object_component_ref idref="oc-8d"/>
      </symbol>
      <symbol id="sm-457">
         <name>__aeabi_memclr4</name>
         <value>0x4425</value>
         <object_component_ref idref="oc-8d"/>
      </symbol>
      <symbol id="sm-458">
         <name>__aeabi_memclr</name>
         <value>0x4425</value>
         <object_component_ref idref="oc-8d"/>
      </symbol>
      <symbol id="sm-46c">
         <name>__TI_zero_init_nomemset</name>
         <value>0x4e19</value>
         <object_component_ref idref="oc-43"/>
      </symbol>
      <symbol id="sm-483">
         <name>__TI_decompress_none</name>
         <value>0x5043</value>
         <object_component_ref idref="oc-1d"/>
      </symbol>
      <symbol id="sm-4a6">
         <name>__TI_decompress_lzss</name>
         <value>0x46b9</value>
         <object_component_ref idref="oc-17"/>
      </symbol>
      <symbol id="sm-4b4">
         <name>strlen</name>
         <value>0x500b</value>
         <object_component_ref idref="oc-18a"/>
      </symbol>
      <symbol id="sm-4c7">
         <name>__stack</name>
         <value>0x2000fe00</value>
         <object_component_ref idref="oc-29"/>
      </symbol>
      <symbol id="sm-4c8">
         <name>_c_int00_noargs</name>
         <value>0x4d01</value>
         <object_component_ref idref="oc-55"/>
      </symbol>
      <symbol id="sm-4de">
         <name>__aeabi_errno_addr</name>
         <value>0x5069</value>
         <object_component_ref idref="oc-326"/>
      </symbol>
      <symbol id="sm-4df">
         <name>errno</name>
         <value>0x20000038</value>
         <object_component_ref idref="oc-444"/>
      </symbol>
      <symbol id="sm-4e9">
         <name>copysign</name>
         <value>0x4eb9</value>
         <object_component_ref idref="oc-47c"/>
      </symbol>
      <symbol id="sm-4ea">
         <name>copysignl</name>
         <value>0x4eb9</value>
         <object_component_ref idref="oc-47c"/>
      </symbol>
      <symbol id="sm-64f">
         <name>__TI_printfi</name>
         <value>0xe5</value>
         <object_component_ref idref="oc-1b8"/>
      </symbol>
      <symbol id="sm-659">
         <name>__aeabi_d2iz</name>
         <value>0x4a19</value>
         <object_component_ref idref="oc-408"/>
      </symbol>
      <symbol id="sm-666">
         <name>__aeabi_uldivmod</name>
         <value>0x41fb</value>
         <object_component_ref idref="oc-402"/>
      </symbol>
      <symbol id="sm-68e">
         <name>__TI_auto_init_nobinit_nopinit</name>
         <value>0x4a61</value>
         <object_component_ref idref="oc-fc"/>
      </symbol>
      <symbol id="sm-698">
         <name>_system_pre_init</name>
         <value>0x5071</value>
         <object_component_ref idref="oc-93"/>
      </symbol>
      <symbol id="sm-6a4">
         <name>C$$EXIT</name>
         <value>0x5075</value>
         <object_component_ref idref="oc-f0"/>
      </symbol>
      <symbol id="sm-6a5">
         <name>abort</name>
         <value>0x5075</value>
         <object_component_ref idref="oc-f0"/>
      </symbol>
      <symbol id="sm-6b5">
         <name>__TI_ltoa</name>
         <value>0x483d</value>
         <object_component_ref idref="oc-40d"/>
      </symbol>
      <symbol id="sm-6cc">
         <name>atoi</name>
         <value>0x4985</value>
         <object_component_ref idref="oc-2f6"/>
      </symbol>
      <symbol id="sm-6d7">
         <name>_ctypes_</name>
         <value>0x5370</value>
         <object_component_ref idref="oc-3fd"/>
      </symbol>
      <symbol id="sm-6e7">
         <name>memccpy</name>
         <value>0x4e35</value>
         <object_component_ref idref="oc-31a"/>
      </symbol>
      <symbol id="sm-6f7">
         <name>strchr</name>
         <value>0x4fcd</value>
         <object_component_ref idref="oc-434"/>
      </symbol>
      <symbol id="sm-710">
         <name>wcslen</name>
         <value>0x5031</value>
         <object_component_ref idref="oc-320"/>
      </symbol>
      <symbol id="sm-726">
         <name>frexpl</name>
         <value>0x4721</value>
         <object_component_ref idref="oc-42e"/>
      </symbol>
      <symbol id="sm-727">
         <name>frexp</name>
         <value>0x4721</value>
         <object_component_ref idref="oc-42e"/>
      </symbol>
      <symbol id="sm-731">
         <name>__aeabi_idiv0</name>
         <value>0xb33</value>
         <object_component_ref idref="oc-4bc"/>
      </symbol>
      <symbol id="sm-732">
         <name>__aeabi_ldiv0</name>
         <value>0xb33</value>
         <object_component_ref idref="oc-4bc"/>
      </symbol>
      <symbol id="sm-789">
         <name>GPIO_setOutputHighOnPin</name>
         <value>0x4d91</value>
         <object_component_ref idref="oc-2a5"/>
      </symbol>
      <symbol id="sm-78a">
         <name>GPIO_setAsOutputPin</name>
         <value>0x4aa5</value>
         <object_component_ref idref="oc-3b1"/>
      </symbol>
      <symbol id="sm-78b">
         <name>GPIO_setOutputLowOnPin</name>
         <value>0x4db9</value>
         <object_component_ref idref="oc-29f"/>
      </symbol>
      <symbol id="sm-78c">
         <name>GPIO_setAsPeripheralModuleFunctionOutputPin</name>
         <value>0x4291</value>
         <object_component_ref idref="oc-149"/>
      </symbol>
      <symbol id="sm-830">
         <name>I2C_masterSendMultiByteStop</name>
         <value>0x4c25</value>
         <object_component_ref idref="oc-23c"/>
      </symbol>
      <symbol id="sm-831">
         <name>I2C_masterSendMultiByteFinish</name>
         <value>0x457d</value>
         <object_component_ref idref="oc-25a"/>
      </symbol>
      <symbol id="sm-832">
         <name>I2C_masterSendMultiByteNext</name>
         <value>0x4ccd</value>
         <object_component_ref idref="oc-254"/>
      </symbol>
      <symbol id="sm-833">
         <name>I2C_masterSendMultiByteStart</name>
         <value>0x45e9</value>
         <object_component_ref idref="oc-230"/>
      </symbol>
      <symbol id="sm-834">
         <name>I2C_masterReceiveMultiByteNext</name>
         <value>0x4fe3</value>
         <object_component_ref idref="oc-248"/>
      </symbol>
      <symbol id="sm-835">
         <name>I2C_getInterruptStatus</name>
         <value>0x4ed3</value>
         <object_component_ref idref="oc-236"/>
      </symbol>
      <symbol id="sm-836">
         <name>I2C_setMode</name>
         <value>0x4de1</value>
         <object_component_ref idref="oc-21e"/>
      </symbol>
      <symbol id="sm-837">
         <name>I2C_isBusBusy</name>
         <value>0x4eed</value>
         <object_component_ref idref="oc-22a"/>
      </symbol>
      <symbol id="sm-838">
         <name>I2C_masterReceiveMultiByteFinish</name>
         <value>0x4b25</value>
         <object_component_ref idref="oc-24e"/>
      </symbol>
      <symbol id="sm-839">
         <name>I2C_enableModule</name>
         <value>0x4fa1</value>
         <object_component_ref idref="oc-218"/>
      </symbol>
      <symbol id="sm-83a">
         <name>I2C_masterReceiveStart</name>
         <value>0x4e9f</value>
         <object_component_ref idref="oc-242"/>
      </symbol>
      <symbol id="sm-83b">
         <name>I2C_clearInterruptFlag</name>
         <value>0x4f75</value>
         <object_component_ref idref="oc-224"/>
      </symbol>
      <symbol id="sm-83c">
         <name>I2C_setSlaveAddress</name>
         <value>0x4ff7</value>
         <object_component_ref idref="oc-260"/>
      </symbol>
      <symbol id="sm-83d">
         <name>I2C_initMaster</name>
         <value>0x4785</value>
         <object_component_ref idref="oc-20c"/>
      </symbol>
      <symbol id="sm-83e">
         <name>I2C_disableModule</name>
         <value>0x4f8b</value>
         <object_component_ref idref="oc-212"/>
      </symbol>
      <symbol id="sm-87e">
         <name>EUSCI_B_SPI_enable</name>
         <value>0x4f33</value>
         <object_component_ref idref="oc-4a1"/>
      </symbol>
      <symbol id="sm-87f">
         <name>SPI_enableModule</name>
         <value>0x4dfd</value>
         <object_component_ref idref="oc-3bd"/>
      </symbol>
      <symbol id="sm-880">
         <name>EUSCI_A_SPI_enable</name>
         <value>0x4f1d</value>
         <object_component_ref idref="oc-49b"/>
      </symbol>
      <symbol id="sm-881">
         <name>SPI_initMaster</name>
         <value>0x4013</value>
         <object_component_ref idref="oc-3b7"/>
      </symbol>
      <symbol id="sm-8bf">
         <name>Timer_A_initCompare</name>
         <value>0x4935</value>
         <object_component_ref idref="oc-15b"/>
      </symbol>
      <symbol id="sm-8c0">
         <name>Timer_A_startCounter</name>
         <value>0x4fb7</value>
         <object_component_ref idref="oc-155"/>
      </symbol>
      <symbol id="sm-8c1">
         <name>Timer_A_configureUpMode</name>
         <value>0x4651</value>
         <object_component_ref idref="oc-14f"/>
      </symbol>
      <symbol id="sm-8f4">
         <name>Graphics_setBackgroundColor</name>
         <value>0x4e6b</value>
         <object_component_ref idref="oc-178"/>
      </symbol>
      <symbol id="sm-8f5">
         <name>Graphics_setFont</name>
         <value>0x4e85</value>
         <object_component_ref idref="oc-17e"/>
      </symbol>
      <symbol id="sm-8f6">
         <name>Graphics_initContext</name>
         <value>0x4891</value>
         <object_component_ref idref="oc-16c"/>
      </symbol>
      <symbol id="sm-8f7">
         <name>Graphics_setForegroundColor</name>
         <value>0x4f49</value>
         <object_component_ref idref="oc-172"/>
      </symbol>
      <symbol id="sm-8f8">
         <name>Graphics_clearDisplay</name>
         <value>0x501f</value>
         <object_component_ref idref="oc-184"/>
      </symbol>
      <symbol id="sm-91d">
         <name>Graphics_clearDisplayOnDisplay</name>
         <value>0x4e51</value>
         <object_component_ref idref="oc-2c3"/>
      </symbol>
      <symbol id="sm-91e">
         <name>Graphics_drawPixelOnDisplay</name>
         <value>0x4d63</value>
         <object_component_ref idref="oc-3f0"/>
      </symbol>
      <symbol id="sm-91f">
         <name>Graphics_translateColorOnDisplay</name>
         <value>0x4f5f</value>
         <object_component_ref idref="oc-2ba"/>
      </symbol>
      <symbol id="sm-920">
         <name>Graphics_drawHorizontalLineOnDisplay</name>
         <value>0x4c95</value>
         <object_component_ref idref="oc-4ae"/>
      </symbol>
      <symbol id="sm-932">
         <name>g_sFontFixed6x8</name>
         <value>0x5474</value>
         <object_component_ref idref="oc-1a7"/>
      </symbol>
      <symbol id="sm-98a">
         <name>Graphics_drawStringCentered</name>
         <value>0x49d1</value>
         <object_component_ref idref="oc-190"/>
      </symbol>
      <symbol id="sm-98b">
         <name>Graphics_drawString</name>
         <value>0x1b85</value>
         <object_component_ref idref="oc-2d2"/>
      </symbol>
      <symbol id="sm-98c">
         <name>Graphics_getStringWidth</name>
         <value>0x3d99</value>
         <object_component_ref idref="oc-2cc"/>
      </symbol>
      <symbol id="sm-99f">
         <name>Graphics_drawLineH</name>
         <value>0x40c3</value>
         <object_component_ref idref="oc-3ea"/>
      </symbol>
      <symbol id="sm-9a0">
         <name>__TI_static_base__</name>
         <value>0x0</value>
      </symbol>
      <symbol id="sm-9a3">
         <name>__mpu_init</name>
         <value>0x0</value>
      </symbol>
      <symbol id="sm-9a4">
         <name>_system_post_cinit</name>
         <value>0x0</value>
      </symbol>
      <symbol id="sm-9a5">
         <name>NMI_Handler</name>
         <value>0x505d</value>
      </symbol>
      <symbol id="sm-9a6">
         <name>HardFault_Handler</name>
         <value>0x505d</value>
      </symbol>
      <symbol id="sm-9a7">
         <name>MemManage_Handler</name>
         <value>0x505d</value>
      </symbol>
      <symbol id="sm-9a8">
         <name>BusFault_Handler</name>
         <value>0x505d</value>
      </symbol>
      <symbol id="sm-9a9">
         <name>UsageFault_Handler</name>
         <value>0x505d</value>
      </symbol>
      <symbol id="sm-9aa">
         <name>SVC_Handler</name>
         <value>0x505d</value>
      </symbol>
      <symbol id="sm-9ab">
         <name>DebugMon_Handler</name>
         <value>0x505d</value>
      </symbol>
      <symbol id="sm-9ac">
         <name>PendSV_Handler</name>
         <value>0x505d</value>
      </symbol>
      <symbol id="sm-9ad">
         <name>SysTick_Handler</name>
         <value>0x505d</value>
      </symbol>
      <symbol id="sm-9ae">
         <name>PSS_IRQHandler</name>
         <value>0x505d</value>
      </symbol>
      <symbol id="sm-9af">
         <name>CS_IRQHandler</name>
         <value>0x505d</value>
      </symbol>
      <symbol id="sm-9b0">
         <name>PCM_IRQHandler</name>
         <value>0x505d</value>
      </symbol>
      <symbol id="sm-9b1">
         <name>WDT_A_IRQHandler</name>
         <value>0x505d</value>
      </symbol>
      <symbol id="sm-9b2">
         <name>FPU_IRQHandler</name>
         <value>0x505d</value>
      </symbol>
      <symbol id="sm-9b3">
         <name>FLCTL_IRQHandler</name>
         <value>0x505d</value>
      </symbol>
      <symbol id="sm-9b4">
         <name>COMP_E0_IRQHandler</name>
         <value>0x505d</value>
      </symbol>
      <symbol id="sm-9b5">
         <name>COMP_E1_IRQHandler</name>
         <value>0x505d</value>
      </symbol>
      <symbol id="sm-9b6">
         <name>TA0_0_IRQHandler</name>
         <value>0x3105</value>
      </symbol>
      <symbol id="sm-9b7">
         <name>TA0_N_IRQHandler</name>
         <value>0x505d</value>
      </symbol>
      <symbol id="sm-9b8">
         <name>TA1_0_IRQHandler</name>
         <value>0x312b</value>
      </symbol>
      <symbol id="sm-9b9">
         <name>TA1_N_IRQHandler</name>
         <value>0x505d</value>
      </symbol>
      <symbol id="sm-9ba">
         <name>TA2_0_IRQHandler</name>
         <value>0x313d</value>
      </symbol>
      <symbol id="sm-9bb">
         <name>TA2_N_IRQHandler</name>
         <value>0x505d</value>
      </symbol>
      <symbol id="sm-9bc">
         <name>TA3_0_IRQHandler</name>
         <value>0x505d</value>
      </symbol>
      <symbol id="sm-9bd">
         <name>TA3_N_IRQHandler</name>
         <value>0x505d</value>
      </symbol>
      <symbol id="sm-9be">
         <name>EUSCIA0_IRQHandler</name>
         <value>0x505d</value>
      </symbol>
      <symbol id="sm-9bf">
         <name>EUSCIA1_IRQHandler</name>
         <value>0x505d</value>
      </symbol>
      <symbol id="sm-9c0">
         <name>EUSCIA2_IRQHandler</name>
         <value>0x505d</value>
      </symbol>
      <symbol id="sm-9c1">
         <name>EUSCIA3_IRQHandler</name>
         <value>0x505d</value>
      </symbol>
      <symbol id="sm-9c2">
         <name>EUSCIB0_IRQHandler</name>
         <value>0x505d</value>
      </symbol>
      <symbol id="sm-9c3">
         <name>EUSCIB1_IRQHandler</name>
         <value>0x505d</value>
      </symbol>
      <symbol id="sm-9c4">
         <name>EUSCIB2_IRQHandler</name>
         <value>0x505d</value>
      </symbol>
      <symbol id="sm-9c5">
         <name>EUSCIB3_IRQHandler</name>
         <value>0x505d</value>
      </symbol>
      <symbol id="sm-9c6">
         <name>ADC14_IRQHandler</name>
         <value>0x505d</value>
      </symbol>
      <symbol id="sm-9c7">
         <name>T32_INT1_IRQHandler</name>
         <value>0x505d</value>
      </symbol>
      <symbol id="sm-9c8">
         <name>T32_INT2_IRQHandler</name>
         <value>0x505d</value>
      </symbol>
      <symbol id="sm-9c9">
         <name>T32_INTC_IRQHandler</name>
         <value>0x505d</value>
      </symbol>
      <symbol id="sm-9ca">
         <name>AES256_IRQHandler</name>
         <value>0x505d</value>
      </symbol>
      <symbol id="sm-9cb">
         <name>RTC_C_IRQHandler</name>
         <value>0x505d</value>
      </symbol>
      <symbol id="sm-9cc">
         <name>DMA_ERR_IRQHandler</name>
         <value>0x505d</value>
      </symbol>
      <symbol id="sm-9cd">
         <name>DMA_INT3_IRQHandler</name>
         <value>0x505d</value>
      </symbol>
      <symbol id="sm-9ce">
         <name>DMA_INT2_IRQHandler</name>
         <value>0x505d</value>
      </symbol>
      <symbol id="sm-9cf">
         <name>DMA_INT1_IRQHandler</name>
         <value>0x505d</value>
      </symbol>
      <symbol id="sm-9d0">
         <name>DMA_INT0_IRQHandler</name>
         <value>0x505d</value>
      </symbol>
      <symbol id="sm-9d1">
         <name>PORT1_IRQHandler</name>
         <value>0x505d</value>
      </symbol>
      <symbol id="sm-9d2">
         <name>PORT2_IRQHandler</name>
         <value>0x505d</value>
      </symbol>
      <symbol id="sm-9d3">
         <name>PORT3_IRQHandler</name>
         <value>0x505d</value>
      </symbol>
      <symbol id="sm-9d4">
         <name>PORT4_IRQHandler</name>
         <value>0x505d</value>
      </symbol>
      <symbol id="sm-9d5">
         <name>PORT5_IRQHandler</name>
         <value>0x505d</value>
      </symbol>
      <symbol id="sm-9d6">
         <name>PORT6_IRQHandler</name>
         <value>0x505d</value>
      </symbol>
   </symbol_table>
   <title>Link successful</title>
</link_info>
